// Jest Snapshot v1, https://goo.gl/fbAQLP

exports[`it renders the form.watch return 1`] = `
<div>
  <div>
    50
  </div>
</div>
`;
